#-----------------------------------------------------------
# Vivado v2024.1 (64-bit)
# SW Build 5076996 on Wed May 22 18:37:14 MDT 2024
# IP Build 5075265 on Wed May 22 21:45:21 MDT 2024
# SharedData Build 5076995 on Wed May 22 18:29:18 MDT 2024
# Start of session at: Thu Nov 21 10:14:06 2024
# Process ID: 17040
# Current directory: C:/digital_circuit_idc/rc_car_final_2
# Command line: vivado.exe -gui_launcher_event rodinguilauncherevent1792 C:\digital_circuit_idc\rc_car_final_2\rc_car_final.xpr
# Log file: C:/digital_circuit_idc/rc_car_final_2/vivado.log
# Journal file: C:/digital_circuit_idc/rc_car_final_2\vivado.jou
# Running On        :DESKTOP-UE4BBH7
# Platform          :Windows Server 2016 or Windows 10
# Operating System  :22631
# Processor Detail  :Intel(R) Core(TM) Ultra 5 125H
# CPU Frequency     :2995 MHz
# CPU Physical cores:14
# CPU Logical cores :18
# Host memory       :16739 MB
# Swap memory       :7639 MB
# Total Virtual     :24379 MB
# Available Virtual :18282 MB
#-----------------------------------------------------------
start_gui
open_project C:/digital_circuit_idc/rc_car_final_2/rc_car_final.xpr
update_compile_order -fileset sources_1
open_hw_manager
connect_hw_server -allow_non_jtag
open_hw_target
set_property PROGRAM.FILE {C:/digital_circuit_idc/rc_car_final_2/rc_car_final.runs/impl_1/top_rc_car.bit} [get_hw_devices xc7s25_0]
current_hw_device [get_hw_devices xc7s25_0]
refresh_hw_device -update_hw_probes false [lindex [get_hw_devices xc7s25_0] 0]
create_hw_cfgmem -hw_device [get_hw_devices xc7s25_0] -mem_dev [lindex [get_cfgmem_parts {mx25l3273f-spi-x1_x2_x4}] 0]
set_property PROBES.FILE {} [get_hw_devices xc7s25_0]
set_property FULL_PROBES.FILE {} [get_hw_devices xc7s25_0]
set_property PROGRAM.FILE {C:/digital_circuit_idc/rc_car_final_2/rc_car_final.runs/impl_1/top_rc_car.bit} [get_hw_devices xc7s25_0]
program_hw_devices [get_hw_devices xc7s25_0]
refresh_hw_device [lindex [get_hw_devices xc7s25_0] 0]
delete_hw_cfgmem [ get_property PROGRAM.HW_CFGMEM [get_hw_devices xc7s25_0 ]]
create_hw_cfgmem -hw_device [lindex [get_hw_devices xc7s25_0] 0] [lindex [get_cfgmem_parts {mx25l3273f-spi-x1_x2_x4}] 0]
set_property PROGRAM.BLANK_CHECK  0 [ get_property PROGRAM.HW_CFGMEM [lindex [get_hw_devices xc7s25_0] 0]]
set_property PROGRAM.ERASE  1 [ get_property PROGRAM.HW_CFGMEM [lindex [get_hw_devices xc7s25_0] 0]]
set_property PROGRAM.CFG_PROGRAM  1 [ get_property PROGRAM.HW_CFGMEM [lindex [get_hw_devices xc7s25_0] 0]]
set_property PROGRAM.VERIFY  1 [ get_property PROGRAM.HW_CFGMEM [lindex [get_hw_devices xc7s25_0] 0]]
set_property PROGRAM.CHECKSUM  0 [ get_property PROGRAM.HW_CFGMEM [lindex [get_hw_devices xc7s25_0] 0]]
refresh_hw_device [lindex [get_hw_devices xc7s25_0] 0]
set_property PROGRAM.ADDRESS_RANGE  {use_file} [ get_property PROGRAM.HW_CFGMEM [lindex [get_hw_devices xc7s25_0] 0]]
set_property PROGRAM.FILES [list "C:/digital_circuit_idc/rc_car_final_2/rc_car_final.runs/impl_1/top_rc_car.bin" ] [ get_property PROGRAM.HW_CFGMEM [lindex [get_hw_devices xc7s25_0] 0]]
set_property PROGRAM.PRM_FILE {} [ get_property PROGRAM.HW_CFGMEM [lindex [get_hw_devices xc7s25_0] 0]]
set_property PROGRAM.UNUSED_PIN_TERMINATION {pull-none} [ get_property PROGRAM.HW_CFGMEM [lindex [get_hw_devices xc7s25_0] 0]]
set_property PROGRAM.BLANK_CHECK  0 [ get_property PROGRAM.HW_CFGMEM [lindex [get_hw_devices xc7s25_0] 0]]
set_property PROGRAM.ERASE  1 [ get_property PROGRAM.HW_CFGMEM [lindex [get_hw_devices xc7s25_0] 0]]
set_property PROGRAM.CFG_PROGRAM  1 [ get_property PROGRAM.HW_CFGMEM [lindex [get_hw_devices xc7s25_0] 0]]
set_property PROGRAM.VERIFY  1 [ get_property PROGRAM.HW_CFGMEM [lindex [get_hw_devices xc7s25_0] 0]]
set_property PROGRAM.CHECKSUM  0 [ get_property PROGRAM.HW_CFGMEM [lindex [get_hw_devices xc7s25_0] 0]]
startgroup 
create_hw_bitstream -hw_device [lindex [get_hw_devices xc7s25_0] 0] [get_property PROGRAM.HW_CFGMEM_BITFILE [ lindex [get_hw_devices xc7s25_0] 0]]; program_hw_devices [lindex [get_hw_devices xc7s25_0] 0]; refresh_hw_device [lindex [get_hw_devices xc7s25_0] 0];
program_hw_cfgmem -hw_cfgmem [ get_property PROGRAM.HW_CFGMEM [lindex [get_hw_devices xc7s25_0] 0]]
endgroup
reset_run synth_1
launch_runs impl_1 -to_step write_bitstream -jobs 9
wait_on_run impl_1
reset_run impl_1 -prev_step 
launch_runs impl_1 -to_step write_bitstream -jobs 9
wait_on_run impl_1
reset_run synth_1
launch_runs impl_1 -to_step write_bitstream -jobs 9
wait_on_run impl_1
set_property PROBES.FILE {} [get_hw_devices xc7s25_0]
set_property FULL_PROBES.FILE {} [get_hw_devices xc7s25_0]
set_property PROGRAM.FILE {C:/digital_circuit_idc/rc_car_final_2/rc_car_final.runs/impl_1/top_rc_car.bit} [get_hw_devices xc7s25_0]
program_hw_devices [get_hw_devices xc7s25_0]
refresh_hw_device [lindex [get_hw_devices xc7s25_0] 0]
delete_hw_cfgmem [ get_property PROGRAM.HW_CFGMEM [get_hw_devices xc7s25_0 ]]
create_hw_cfgmem -hw_device [lindex [get_hw_devices xc7s25_0] 0] [lindex [get_cfgmem_parts {mx25l3273f-spi-x1_x2_x4}] 0]
set_property PROGRAM.BLANK_CHECK  0 [ get_property PROGRAM.HW_CFGMEM [lindex [get_hw_devices xc7s25_0] 0]]
set_property PROGRAM.ERASE  1 [ get_property PROGRAM.HW_CFGMEM [lindex [get_hw_devices xc7s25_0] 0]]
set_property PROGRAM.CFG_PROGRAM  1 [ get_property PROGRAM.HW_CFGMEM [lindex [get_hw_devices xc7s25_0] 0]]
set_property PROGRAM.VERIFY  1 [ get_property PROGRAM.HW_CFGMEM [lindex [get_hw_devices xc7s25_0] 0]]
set_property PROGRAM.CHECKSUM  0 [ get_property PROGRAM.HW_CFGMEM [lindex [get_hw_devices xc7s25_0] 0]]
refresh_hw_device [lindex [get_hw_devices xc7s25_0] 0]
set_property PROGRAM.ADDRESS_RANGE  {use_file} [ get_property PROGRAM.HW_CFGMEM [lindex [get_hw_devices xc7s25_0] 0]]
set_property PROGRAM.FILES [list "C:/digital_circuit_idc/rc_car_final_2/rc_car_final.runs/impl_1/top_rc_car.bin" ] [ get_property PROGRAM.HW_CFGMEM [lindex [get_hw_devices xc7s25_0] 0]]
set_property PROGRAM.PRM_FILE {} [ get_property PROGRAM.HW_CFGMEM [lindex [get_hw_devices xc7s25_0] 0]]
set_property PROGRAM.UNUSED_PIN_TERMINATION {pull-none} [ get_property PROGRAM.HW_CFGMEM [lindex [get_hw_devices xc7s25_0] 0]]
set_property PROGRAM.BLANK_CHECK  0 [ get_property PROGRAM.HW_CFGMEM [lindex [get_hw_devices xc7s25_0] 0]]
set_property PROGRAM.ERASE  1 [ get_property PROGRAM.HW_CFGMEM [lindex [get_hw_devices xc7s25_0] 0]]
set_property PROGRAM.CFG_PROGRAM  1 [ get_property PROGRAM.HW_CFGMEM [lindex [get_hw_devices xc7s25_0] 0]]
set_property PROGRAM.VERIFY  1 [ get_property PROGRAM.HW_CFGMEM [lindex [get_hw_devices xc7s25_0] 0]]
set_property PROGRAM.CHECKSUM  0 [ get_property PROGRAM.HW_CFGMEM [lindex [get_hw_devices xc7s25_0] 0]]
startgroup 
create_hw_bitstream -hw_device [lindex [get_hw_devices xc7s25_0] 0] [get_property PROGRAM.HW_CFGMEM_BITFILE [ lindex [get_hw_devices xc7s25_0] 0]]; program_hw_devices [lindex [get_hw_devices xc7s25_0] 0]; refresh_hw_device [lindex [get_hw_devices xc7s25_0] 0];
program_hw_cfgmem -hw_cfgmem [ get_property PROGRAM.HW_CFGMEM [lindex [get_hw_devices xc7s25_0] 0]]
endgroup
